INFO    : PreTeXt project found in `D:\Documents\texts\calculus1`.
INFO    : Checking for update for required playwright chromium browser.
INFO    : using playwright package to create previews for interactives from D:\Documents\texts\calculus1\source\calculus1.ptx for placement in D:\Documents\texts\calculus1\generated-assets\preview
INFO    : XSL conversion of D:\Documents\texts\calculus1\source\calculus1.ptx by C:\Users\drmaf\.ptx\xsl\extract-interactive.xsl
INFO    : comprehensive messages, warnings, and errors:
INFO    : successful application of C:\Users\drmaf\.ptx\xsl\extract-interactive.xsl
INFO    : discovering source file's directory name: D:\Documents\texts\calculus1\source
INFO    : verifying and expanding input directory: D:\Documents\texts\calculus1\source\../generated-assets
INFO    : input directory expanded to absolute path: D:\Documents\texts\calculus1\generated-assets
INFO    : verifying and expanding input directory: D:\Documents\texts\calculus1\source\../assets
INFO    : input directory expanded to absolute path: D:\Documents\texts\calculus1\assets
INFO    : Opening subprocess http.server with port=8888
INFO    : automatic screenshot of interactive with identifier "interactive-1" on page http://localhost:8888\interactive-1.html to file interactive-1-preview.png
INFO    : Closing http.server subprocess
INFO    : using playwright package to create previews for interactives from D:\Documents\texts\calculus1\source\calculus1.ptx for placement in D:\Documents\texts\calculus1\generated-assets\preview
INFO    : XSL conversion of D:\Documents\texts\calculus1\source\calculus1.ptx by C:\Users\drmaf\.ptx\xsl\extract-interactive.xsl
INFO    : comprehensive messages, warnings, and errors:
INFO    : successful application of C:\Users\drmaf\.ptx\xsl\extract-interactive.xsl
INFO    : discovering source file's directory name: D:\Documents\texts\calculus1\source
INFO    : verifying and expanding input directory: D:\Documents\texts\calculus1\source\../generated-assets
INFO    : input directory expanded to absolute path: D:\Documents\texts\calculus1\generated-assets
INFO    : verifying and expanding input directory: D:\Documents\texts\calculus1\source\../assets
INFO    : input directory expanded to absolute path: D:\Documents\texts\calculus1\assets
INFO    : Opening subprocess http.server with port=8888
INFO    : Closing http.server subprocess
INFO    : using playwright package to create previews for interactives from D:\Documents\texts\calculus1\source\calculus1.ptx for placement in D:\Documents\texts\calculus1\generated-assets\preview
INFO    : XSL conversion of D:\Documents\texts\calculus1\source\calculus1.ptx by C:\Users\drmaf\.ptx\xsl\extract-interactive.xsl
INFO    : comprehensive messages, warnings, and errors:
INFO    : successful application of C:\Users\drmaf\.ptx\xsl\extract-interactive.xsl
INFO    : discovering source file's directory name: D:\Documents\texts\calculus1\source
INFO    : verifying and expanding input directory: D:\Documents\texts\calculus1\source\../generated-assets
INFO    : input directory expanded to absolute path: D:\Documents\texts\calculus1\generated-assets
INFO    : verifying and expanding input directory: D:\Documents\texts\calculus1\source\../assets
INFO    : input directory expanded to absolute path: D:\Documents\texts\calculus1\assets
INFO    : Opening subprocess http.server with port=8888
INFO    : Closing http.server subprocess
INFO    : using playwright package to create previews for interactives from D:\Documents\texts\calculus1\source\calculus1.ptx for placement in D:\Documents\texts\calculus1\generated-assets\preview
INFO    : XSL conversion of D:\Documents\texts\calculus1\source\calculus1.ptx by C:\Users\drmaf\.ptx\xsl\extract-interactive.xsl
INFO    : comprehensive messages, warnings, and errors:
INFO    : successful application of C:\Users\drmaf\.ptx\xsl\extract-interactive.xsl
INFO    : discovering source file's directory name: D:\Documents\texts\calculus1\source
INFO    : verifying and expanding input directory: D:\Documents\texts\calculus1\source\../generated-assets
INFO    : input directory expanded to absolute path: D:\Documents\texts\calculus1\generated-assets
INFO    : verifying and expanding input directory: D:\Documents\texts\calculus1\source\../assets
INFO    : input directory expanded to absolute path: D:\Documents\texts\calculus1\assets
INFO    : Opening subprocess http.server with port=8888
INFO    : Closing http.server subprocess
INFO    : using playwright package to create previews for interactives from D:\Documents\texts\calculus1\source\calculus1.ptx for placement in D:\Documents\texts\calculus1\generated-assets\preview
INFO    : XSL conversion of D:\Documents\texts\calculus1\source\calculus1.ptx by C:\Users\drmaf\.ptx\xsl\extract-interactive.xsl
INFO    : comprehensive messages, warnings, and errors:
INFO    : successful application of C:\Users\drmaf\.ptx\xsl\extract-interactive.xsl
INFO    : discovering source file's directory name: D:\Documents\texts\calculus1\source
INFO    : verifying and expanding input directory: D:\Documents\texts\calculus1\source\../generated-assets
INFO    : input directory expanded to absolute path: D:\Documents\texts\calculus1\generated-assets
INFO    : verifying and expanding input directory: D:\Documents\texts\calculus1\source\../assets
INFO    : input directory expanded to absolute path: D:\Documents\texts\calculus1\assets
INFO    : Opening subprocess http.server with port=8888
INFO    : Closing http.server subprocess
INFO    : using playwright package to create previews for interactives from D:\Documents\texts\calculus1\source\calculus1.ptx for placement in D:\Documents\texts\calculus1\generated-assets\preview
INFO    : XSL conversion of D:\Documents\texts\calculus1\source\calculus1.ptx by C:\Users\drmaf\.ptx\xsl\extract-interactive.xsl
INFO    : comprehensive messages, warnings, and errors:
INFO    : successful application of C:\Users\drmaf\.ptx\xsl\extract-interactive.xsl
INFO    : discovering source file's directory name: D:\Documents\texts\calculus1\source
INFO    : verifying and expanding input directory: D:\Documents\texts\calculus1\source\../generated-assets
INFO    : input directory expanded to absolute path: D:\Documents\texts\calculus1\generated-assets
INFO    : verifying and expanding input directory: D:\Documents\texts\calculus1\source\../assets
INFO    : input directory expanded to absolute path: D:\Documents\texts\calculus1\assets
INFO    : Opening subprocess http.server with port=8888
INFO    : Closing http.server subprocess
INFO    : using playwright package to create previews for interactives from D:\Documents\texts\calculus1\source\calculus1.ptx for placement in D:\Documents\texts\calculus1\generated-assets\preview
INFO    : XSL conversion of D:\Documents\texts\calculus1\source\calculus1.ptx by C:\Users\drmaf\.ptx\xsl\extract-interactive.xsl
INFO    : comprehensive messages, warnings, and errors:
INFO    : successful application of C:\Users\drmaf\.ptx\xsl\extract-interactive.xsl
INFO    : discovering source file's directory name: D:\Documents\texts\calculus1\source
INFO    : verifying and expanding input directory: D:\Documents\texts\calculus1\source\../generated-assets
INFO    : input directory expanded to absolute path: D:\Documents\texts\calculus1\generated-assets
INFO    : verifying and expanding input directory: D:\Documents\texts\calculus1\source\../assets
INFO    : input directory expanded to absolute path: D:\Documents\texts\calculus1\assets
INFO    : Opening subprocess http.server with port=8888
INFO    : Closing http.server subprocess
INFO    : using playwright package to create previews for interactives from D:\Documents\texts\calculus1\source\calculus1.ptx for placement in D:\Documents\texts\calculus1\generated-assets\preview
INFO    : XSL conversion of D:\Documents\texts\calculus1\source\calculus1.ptx by C:\Users\drmaf\.ptx\xsl\extract-interactive.xsl
INFO    : comprehensive messages, warnings, and errors:
INFO    : successful application of C:\Users\drmaf\.ptx\xsl\extract-interactive.xsl
INFO    : discovering source file's directory name: D:\Documents\texts\calculus1\source
INFO    : verifying and expanding input directory: D:\Documents\texts\calculus1\source\../generated-assets
INFO    : input directory expanded to absolute path: D:\Documents\texts\calculus1\generated-assets
INFO    : verifying and expanding input directory: D:\Documents\texts\calculus1\source\../assets
INFO    : input directory expanded to absolute path: D:\Documents\texts\calculus1\assets
INFO    : Opening subprocess http.server with port=8888
INFO    : Closing http.server subprocess
INFO    : using playwright package to create previews for interactives from D:\Documents\texts\calculus1\source\calculus1.ptx for placement in D:\Documents\texts\calculus1\generated-assets\preview
INFO    : XSL conversion of D:\Documents\texts\calculus1\source\calculus1.ptx by C:\Users\drmaf\.ptx\xsl\extract-interactive.xsl
INFO    : comprehensive messages, warnings, and errors:
INFO    : successful application of C:\Users\drmaf\.ptx\xsl\extract-interactive.xsl
INFO    : discovering source file's directory name: D:\Documents\texts\calculus1\source
INFO    : verifying and expanding input directory: D:\Documents\texts\calculus1\source\../generated-assets
INFO    : input directory expanded to absolute path: D:\Documents\texts\calculus1\generated-assets
INFO    : verifying and expanding input directory: D:\Documents\texts\calculus1\source\../assets
INFO    : input directory expanded to absolute path: D:\Documents\texts\calculus1\assets
INFO    : Opening subprocess http.server with port=8888
INFO    : Closing http.server subprocess
INFO    : using playwright package to create previews for interactives from D:\Documents\texts\calculus1\source\calculus1.ptx for placement in D:\Documents\texts\calculus1\generated-assets\preview
INFO    : XSL conversion of D:\Documents\texts\calculus1\source\calculus1.ptx by C:\Users\drmaf\.ptx\xsl\extract-interactive.xsl
INFO    : comprehensive messages, warnings, and errors:
INFO    : successful application of C:\Users\drmaf\.ptx\xsl\extract-interactive.xsl
INFO    : discovering source file's directory name: D:\Documents\texts\calculus1\source
INFO    : verifying and expanding input directory: D:\Documents\texts\calculus1\source\../generated-assets
INFO    : input directory expanded to absolute path: D:\Documents\texts\calculus1\generated-assets
INFO    : verifying and expanding input directory: D:\Documents\texts\calculus1\source\../assets
INFO    : input directory expanded to absolute path: D:\Documents\texts\calculus1\assets
INFO    : Opening subprocess http.server with port=8888
INFO    : Closing http.server subprocess
INFO    : using playwright package to create previews for interactives from D:\Documents\texts\calculus1\source\calculus1.ptx for placement in D:\Documents\texts\calculus1\generated-assets\preview
INFO    : XSL conversion of D:\Documents\texts\calculus1\source\calculus1.ptx by C:\Users\drmaf\.ptx\xsl\extract-interactive.xsl
INFO    : comprehensive messages, warnings, and errors:
INFO    : successful application of C:\Users\drmaf\.ptx\xsl\extract-interactive.xsl
INFO    : discovering source file's directory name: D:\Documents\texts\calculus1\source
INFO    : verifying and expanding input directory: D:\Documents\texts\calculus1\source\../generated-assets
INFO    : input directory expanded to absolute path: D:\Documents\texts\calculus1\generated-assets
INFO    : verifying and expanding input directory: D:\Documents\texts\calculus1\source\../assets
INFO    : input directory expanded to absolute path: D:\Documents\texts\calculus1\assets
INFO    : Opening subprocess http.server with port=8888
INFO    : Closing http.server subprocess
INFO    : using playwright package to create previews for interactives from D:\Documents\texts\calculus1\source\calculus1.ptx for placement in D:\Documents\texts\calculus1\generated-assets\preview
INFO    : XSL conversion of D:\Documents\texts\calculus1\source\calculus1.ptx by C:\Users\drmaf\.ptx\xsl\extract-interactive.xsl
INFO    : comprehensive messages, warnings, and errors:
INFO    : successful application of C:\Users\drmaf\.ptx\xsl\extract-interactive.xsl
INFO    : discovering source file's directory name: D:\Documents\texts\calculus1\source
INFO    : verifying and expanding input directory: D:\Documents\texts\calculus1\source\../generated-assets
INFO    : input directory expanded to absolute path: D:\Documents\texts\calculus1\generated-assets
INFO    : verifying and expanding input directory: D:\Documents\texts\calculus1\source\../assets
INFO    : input directory expanded to absolute path: D:\Documents\texts\calculus1\assets
INFO    : Opening subprocess http.server with port=8888
INFO    : Closing http.server subprocess
INFO    : using playwright package to create previews for interactives from D:\Documents\texts\calculus1\source\calculus1.ptx for placement in D:\Documents\texts\calculus1\generated-assets\preview
INFO    : XSL conversion of D:\Documents\texts\calculus1\source\calculus1.ptx by C:\Users\drmaf\.ptx\xsl\extract-interactive.xsl
INFO    : comprehensive messages, warnings, and errors:
INFO    : successful application of C:\Users\drmaf\.ptx\xsl\extract-interactive.xsl
INFO    : discovering source file's directory name: D:\Documents\texts\calculus1\source
INFO    : verifying and expanding input directory: D:\Documents\texts\calculus1\source\../generated-assets
INFO    : input directory expanded to absolute path: D:\Documents\texts\calculus1\generated-assets
INFO    : verifying and expanding input directory: D:\Documents\texts\calculus1\source\../assets
INFO    : input directory expanded to absolute path: D:\Documents\texts\calculus1\assets
INFO    : Opening subprocess http.server with port=8888
INFO    : Closing http.server subprocess
INFO    : using playwright package to create previews for interactives from D:\Documents\texts\calculus1\source\calculus1.ptx for placement in D:\Documents\texts\calculus1\generated-assets\preview
INFO    : XSL conversion of D:\Documents\texts\calculus1\source\calculus1.ptx by C:\Users\drmaf\.ptx\xsl\extract-interactive.xsl
INFO    : comprehensive messages, warnings, and errors:
INFO    : successful application of C:\Users\drmaf\.ptx\xsl\extract-interactive.xsl
INFO    : discovering source file's directory name: D:\Documents\texts\calculus1\source
INFO    : verifying and expanding input directory: D:\Documents\texts\calculus1\source\../generated-assets
INFO    : input directory expanded to absolute path: D:\Documents\texts\calculus1\generated-assets
INFO    : verifying and expanding input directory: D:\Documents\texts\calculus1\source\../assets
INFO    : input directory expanded to absolute path: D:\Documents\texts\calculus1\assets
INFO    : Opening subprocess http.server with port=8888
INFO    : Closing http.server subprocess
INFO    : using playwright package to create previews for interactives from D:\Documents\texts\calculus1\source\calculus1.ptx for placement in D:\Documents\texts\calculus1\generated-assets\preview
INFO    : XSL conversion of D:\Documents\texts\calculus1\source\calculus1.ptx by C:\Users\drmaf\.ptx\xsl\extract-interactive.xsl
INFO    : comprehensive messages, warnings, and errors:
INFO    : successful application of C:\Users\drmaf\.ptx\xsl\extract-interactive.xsl
INFO    : discovering source file's directory name: D:\Documents\texts\calculus1\source
INFO    : verifying and expanding input directory: D:\Documents\texts\calculus1\source\../generated-assets
INFO    : input directory expanded to absolute path: D:\Documents\texts\calculus1\generated-assets
INFO    : verifying and expanding input directory: D:\Documents\texts\calculus1\source\../assets
INFO    : input directory expanded to absolute path: D:\Documents\texts\calculus1\assets
INFO    : Opening subprocess http.server with port=8888
INFO    : Closing http.server subprocess
INFO    : using playwright package to create previews for interactives from D:\Documents\texts\calculus1\source\calculus1.ptx for placement in D:\Documents\texts\calculus1\generated-assets\preview
INFO    : XSL conversion of D:\Documents\texts\calculus1\source\calculus1.ptx by C:\Users\drmaf\.ptx\xsl\extract-interactive.xsl
INFO    : comprehensive messages, warnings, and errors:
INFO    : successful application of C:\Users\drmaf\.ptx\xsl\extract-interactive.xsl
INFO    : discovering source file's directory name: D:\Documents\texts\calculus1\source
INFO    : verifying and expanding input directory: D:\Documents\texts\calculus1\source\../generated-assets
INFO    : input directory expanded to absolute path: D:\Documents\texts\calculus1\generated-assets
INFO    : verifying and expanding input directory: D:\Documents\texts\calculus1\source\../assets
INFO    : input directory expanded to absolute path: D:\Documents\texts\calculus1\assets
INFO    : Opening subprocess http.server with port=8888
INFO    : Closing http.server subprocess
INFO    : using playwright package to create previews for interactives from D:\Documents\texts\calculus1\source\calculus1.ptx for placement in D:\Documents\texts\calculus1\generated-assets\preview
INFO    : XSL conversion of D:\Documents\texts\calculus1\source\calculus1.ptx by C:\Users\drmaf\.ptx\xsl\extract-interactive.xsl
INFO    : comprehensive messages, warnings, and errors:
INFO    : successful application of C:\Users\drmaf\.ptx\xsl\extract-interactive.xsl
INFO    : discovering source file's directory name: D:\Documents\texts\calculus1\source
INFO    : verifying and expanding input directory: D:\Documents\texts\calculus1\source\../generated-assets
INFO    : input directory expanded to absolute path: D:\Documents\texts\calculus1\generated-assets
INFO    : verifying and expanding input directory: D:\Documents\texts\calculus1\source\../assets
INFO    : input directory expanded to absolute path: D:\Documents\texts\calculus1\assets
INFO    : Opening subprocess http.server with port=8888
INFO    : Closing http.server subprocess
INFO    : manufacturing QR codes from D:\Documents\texts\calculus1\source\calculus1.ptx for placement in D:\Documents\texts\calculus1\generated-assets\qrcode
INFO    : XSL conversion of D:\Documents\texts\calculus1\source\calculus1.ptx by C:\Users\drmaf\.ptx\xsl\extract-qrcode.xsl
INFO    : comprehensive messages, warnings, and errors:
INFO    : successful application of C:\Users\drmaf\.ptx\xsl\extract-qrcode.xsl
INFO    : creating URL with content "http://www.math.uaa.alaska.edu/\~afmaf/classes/math251/materials/interactive-16.html" as D:\Documents\texts\calculus1\generated-assets\qrcode\interactive-16.png...
INFO    : QR code creation complete
INFO    : manufacturing QR codes from D:\Documents\texts\calculus1\source\calculus1.ptx for placement in D:\Documents\texts\calculus1\generated-assets\qrcode
INFO    : XSL conversion of D:\Documents\texts\calculus1\source\calculus1.ptx by C:\Users\drmaf\.ptx\xsl\extract-qrcode.xsl
INFO    : comprehensive messages, warnings, and errors:
INFO    : successful application of C:\Users\drmaf\.ptx\xsl\extract-qrcode.xsl
INFO    : creating URL with content "http://www.math.uaa.alaska.edu/\~afmaf/classes/math251/materials/interactive-10.html" as D:\Documents\texts\calculus1\generated-assets\qrcode\interactive-10.png...
INFO    : QR code creation complete
INFO    : manufacturing QR codes from D:\Documents\texts\calculus1\source\calculus1.ptx for placement in D:\Documents\texts\calculus1\generated-assets\qrcode
INFO    : XSL conversion of D:\Documents\texts\calculus1\source\calculus1.ptx by C:\Users\drmaf\.ptx\xsl\extract-qrcode.xsl
INFO    : comprehensive messages, warnings, and errors:
INFO    : successful application of C:\Users\drmaf\.ptx\xsl\extract-qrcode.xsl
INFO    : creating URL with content "http://www.math.uaa.alaska.edu/\~afmaf/classes/math251/materials/interactive-13.html" as D:\Documents\texts\calculus1\generated-assets\qrcode\interactive-13.png...
INFO    : QR code creation complete
INFO    : manufacturing QR codes from D:\Documents\texts\calculus1\source\calculus1.ptx for placement in D:\Documents\texts\calculus1\generated-assets\qrcode
INFO    : XSL conversion of D:\Documents\texts\calculus1\source\calculus1.ptx by C:\Users\drmaf\.ptx\xsl\extract-qrcode.xsl
INFO    : comprehensive messages, warnings, and errors:
INFO    : successful application of C:\Users\drmaf\.ptx\xsl\extract-qrcode.xsl
INFO    : creating URL with content "http://www.math.uaa.alaska.edu/\~afmaf/classes/math251/materials/interactive-3.html" as D:\Documents\texts\calculus1\generated-assets\qrcode\interactive-3.png...
INFO    : QR code creation complete
INFO    : manufacturing QR codes from D:\Documents\texts\calculus1\source\calculus1.ptx for placement in D:\Documents\texts\calculus1\generated-assets\qrcode
INFO    : XSL conversion of D:\Documents\texts\calculus1\source\calculus1.ptx by C:\Users\drmaf\.ptx\xsl\extract-qrcode.xsl
INFO    : comprehensive messages, warnings, and errors:
INFO    : successful application of C:\Users\drmaf\.ptx\xsl\extract-qrcode.xsl
INFO    : creating URL with content "http://www.math.uaa.alaska.edu/\~afmaf/classes/math251/materials/interactive-2.html" as D:\Documents\texts\calculus1\generated-assets\qrcode\interactive-2.png...
INFO    : QR code creation complete
INFO    : manufacturing QR codes from D:\Documents\texts\calculus1\source\calculus1.ptx for placement in D:\Documents\texts\calculus1\generated-assets\qrcode
INFO    : XSL conversion of D:\Documents\texts\calculus1\source\calculus1.ptx by C:\Users\drmaf\.ptx\xsl\extract-qrcode.xsl
INFO    : comprehensive messages, warnings, and errors:
INFO    : successful application of C:\Users\drmaf\.ptx\xsl\extract-qrcode.xsl
INFO    : creating URL with content "http://www.math.uaa.alaska.edu/\~afmaf/classes/math251/materials/interactive-11.html" as D:\Documents\texts\calculus1\generated-assets\qrcode\interactive-11.png...
INFO    : QR code creation complete
INFO    : manufacturing QR codes from D:\Documents\texts\calculus1\source\calculus1.ptx for placement in D:\Documents\texts\calculus1\generated-assets\qrcode
INFO    : XSL conversion of D:\Documents\texts\calculus1\source\calculus1.ptx by C:\Users\drmaf\.ptx\xsl\extract-qrcode.xsl
INFO    : comprehensive messages, warnings, and errors:
INFO    : successful application of C:\Users\drmaf\.ptx\xsl\extract-qrcode.xsl
INFO    : creating URL with content "http://www.math.uaa.alaska.edu/\~afmaf/classes/math251/materials/interactive-8.html" as D:\Documents\texts\calculus1\generated-assets\qrcode\interactive-8.png...
INFO    : QR code creation complete
INFO    : manufacturing QR codes from D:\Documents\texts\calculus1\source\calculus1.ptx for placement in D:\Documents\texts\calculus1\generated-assets\qrcode
INFO    : XSL conversion of D:\Documents\texts\calculus1\source\calculus1.ptx by C:\Users\drmaf\.ptx\xsl\extract-qrcode.xsl
INFO    : comprehensive messages, warnings, and errors:
INFO    : successful application of C:\Users\drmaf\.ptx\xsl\extract-qrcode.xsl
INFO    : creating URL with content "http://www.math.uaa.alaska.edu/\~afmaf/classes/math251/materials/interactive-7.html" as D:\Documents\texts\calculus1\generated-assets\qrcode\interactive-7.png...
INFO    : QR code creation complete
INFO    : manufacturing QR codes from D:\Documents\texts\calculus1\source\calculus1.ptx for placement in D:\Documents\texts\calculus1\generated-assets\qrcode
INFO    : XSL conversion of D:\Documents\texts\calculus1\source\calculus1.ptx by C:\Users\drmaf\.ptx\xsl\extract-qrcode.xsl
INFO    : comprehensive messages, warnings, and errors:
INFO    : successful application of C:\Users\drmaf\.ptx\xsl\extract-qrcode.xsl
INFO    : creating URL with content "http://www.math.uaa.alaska.edu/\~afmaf/classes/math251/materials/interactive-4.html" as D:\Documents\texts\calculus1\generated-assets\qrcode\interactive-4.png...
INFO    : QR code creation complete
INFO    : manufacturing QR codes from D:\Documents\texts\calculus1\source\calculus1.ptx for placement in D:\Documents\texts\calculus1\generated-assets\qrcode
INFO    : XSL conversion of D:\Documents\texts\calculus1\source\calculus1.ptx by C:\Users\drmaf\.ptx\xsl\extract-qrcode.xsl
INFO    : comprehensive messages, warnings, and errors:
INFO    : successful application of C:\Users\drmaf\.ptx\xsl\extract-qrcode.xsl
INFO    : creating URL with content "http://www.math.uaa.alaska.edu/\~afmaf/classes/math251/materials/interactive-6.html" as D:\Documents\texts\calculus1\generated-assets\qrcode\interactive-6.png...
INFO    : QR code creation complete
INFO    : manufacturing QR codes from D:\Documents\texts\calculus1\source\calculus1.ptx for placement in D:\Documents\texts\calculus1\generated-assets\qrcode
INFO    : XSL conversion of D:\Documents\texts\calculus1\source\calculus1.ptx by C:\Users\drmaf\.ptx\xsl\extract-qrcode.xsl
INFO    : comprehensive messages, warnings, and errors:
INFO    : successful application of C:\Users\drmaf\.ptx\xsl\extract-qrcode.xsl
INFO    : creating URL with content "http://www.math.uaa.alaska.edu/\~afmaf/classes/math251/materials/interactive-12.html" as D:\Documents\texts\calculus1\generated-assets\qrcode\interactive-12.png...
INFO    : QR code creation complete
INFO    : manufacturing QR codes from D:\Documents\texts\calculus1\source\calculus1.ptx for placement in D:\Documents\texts\calculus1\generated-assets\qrcode
INFO    : XSL conversion of D:\Documents\texts\calculus1\source\calculus1.ptx by C:\Users\drmaf\.ptx\xsl\extract-qrcode.xsl
INFO    : comprehensive messages, warnings, and errors:
INFO    : successful application of C:\Users\drmaf\.ptx\xsl\extract-qrcode.xsl
INFO    : creating URL with content "http://www.math.uaa.alaska.edu/\~afmaf/classes/math251/materials/interactive-14.html" as D:\Documents\texts\calculus1\generated-assets\qrcode\interactive-14.png...
INFO    : QR code creation complete
INFO    : manufacturing QR codes from D:\Documents\texts\calculus1\source\calculus1.ptx for placement in D:\Documents\texts\calculus1\generated-assets\qrcode
INFO    : XSL conversion of D:\Documents\texts\calculus1\source\calculus1.ptx by C:\Users\drmaf\.ptx\xsl\extract-qrcode.xsl
INFO    : comprehensive messages, warnings, and errors:
INFO    : successful application of C:\Users\drmaf\.ptx\xsl\extract-qrcode.xsl
INFO    : creating URL with content "http://www.math.uaa.alaska.edu/\~afmaf/classes/math251/materials/interactive-17.html" as D:\Documents\texts\calculus1\generated-assets\qrcode\interactive-17.png...
INFO    : QR code creation complete
INFO    : manufacturing QR codes from D:\Documents\texts\calculus1\source\calculus1.ptx for placement in D:\Documents\texts\calculus1\generated-assets\qrcode
INFO    : XSL conversion of D:\Documents\texts\calculus1\source\calculus1.ptx by C:\Users\drmaf\.ptx\xsl\extract-qrcode.xsl
INFO    : comprehensive messages, warnings, and errors:
INFO    : successful application of C:\Users\drmaf\.ptx\xsl\extract-qrcode.xsl
INFO    : creating URL with content "http://www.math.uaa.alaska.edu/\~afmaf/classes/math251/materials/interactive-9.html" as D:\Documents\texts\calculus1\generated-assets\qrcode\interactive-9.png...
INFO    : QR code creation complete
INFO    : manufacturing QR codes from D:\Documents\texts\calculus1\source\calculus1.ptx for placement in D:\Documents\texts\calculus1\generated-assets\qrcode
INFO    : XSL conversion of D:\Documents\texts\calculus1\source\calculus1.ptx by C:\Users\drmaf\.ptx\xsl\extract-qrcode.xsl
INFO    : comprehensive messages, warnings, and errors:
INFO    : successful application of C:\Users\drmaf\.ptx\xsl\extract-qrcode.xsl
INFO    : creating URL with content "http://www.math.uaa.alaska.edu/\~afmaf/classes/math251/materials/interactive-5.html" as D:\Documents\texts\calculus1\generated-assets\qrcode\interactive-5.png...
INFO    : QR code creation complete
INFO    : manufacturing QR codes from D:\Documents\texts\calculus1\source\calculus1.ptx for placement in D:\Documents\texts\calculus1\generated-assets\qrcode
INFO    : XSL conversion of D:\Documents\texts\calculus1\source\calculus1.ptx by C:\Users\drmaf\.ptx\xsl\extract-qrcode.xsl
INFO    : comprehensive messages, warnings, and errors:
INFO    : successful application of C:\Users\drmaf\.ptx\xsl\extract-qrcode.xsl
INFO    : creating URL with content "http://www.math.uaa.alaska.edu/\~afmaf/classes/math251/materials/interactive-1.html" as D:\Documents\texts\calculus1\generated-assets\qrcode\interactive-1.png...
INFO    : QR code creation complete
INFO    : manufacturing QR codes from D:\Documents\texts\calculus1\source\calculus1.ptx for placement in D:\Documents\texts\calculus1\generated-assets\qrcode
INFO    : XSL conversion of D:\Documents\texts\calculus1\source\calculus1.ptx by C:\Users\drmaf\.ptx\xsl\extract-qrcode.xsl
INFO    : comprehensive messages, warnings, and errors:
INFO    : successful application of C:\Users\drmaf\.ptx\xsl\extract-qrcode.xsl
INFO    : creating URL with content "http://www.math.uaa.alaska.edu/\~afmaf/classes/math251/materials/interactive-15.html" as D:\Documents\texts\calculus1\generated-assets\qrcode\interactive-15.png...
INFO    : QR code creation complete
INFO    : Removing temporary directory C:\Users\drmaf\AppData\Local\Temp\tmpqrbbkjbf
INFO    : Removing temporary directory C:\Users\drmaf\AppData\Local\Temp\tmpus0dmr88
INFO    : Removing temporary directory C:\Users\drmaf\AppData\Local\Temp\tmpo9n2wk6d
INFO    : Removing temporary directory C:\Users\drmaf\AppData\Local\Temp\tmp50hwsed8
INFO    : Removing temporary directory C:\Users\drmaf\AppData\Local\Temp\tmppes_l2tb
INFO    : Removing temporary directory C:\Users\drmaf\AppData\Local\Temp\tmpkwnd8czf
INFO    : Removing temporary directory C:\Users\drmaf\AppData\Local\Temp\tmpnl45gn56
INFO    : Removing temporary directory C:\Users\drmaf\AppData\Local\Temp\tmp8zwdbrbc
INFO    : Removing temporary directory C:\Users\drmaf\AppData\Local\Temp\tmppxpybnka
INFO    : Removing temporary directory C:\Users\drmaf\AppData\Local\Temp\tmp46xqf_jt
INFO    : Removing temporary directory C:\Users\drmaf\AppData\Local\Temp\tmpx_ihnsao
INFO    : Removing temporary directory C:\Users\drmaf\AppData\Local\Temp\tmpcstfbf0f
INFO    : Removing temporary directory C:\Users\drmaf\AppData\Local\Temp\tmplpqwr7kx
INFO    : Removing temporary directory C:\Users\drmaf\AppData\Local\Temp\tmpvrimpxzw
INFO    : Removing temporary directory C:\Users\drmaf\AppData\Local\Temp\tmp35at4z41
INFO    : Removing temporary directory C:\Users\drmaf\AppData\Local\Temp\tmp3do8gg9k
INFO    : Removing temporary directory C:\Users\drmaf\AppData\Local\Temp\tmpfwaaw2sw
INFO    : Removing temporary directory C:\Users\drmaf\AppData\Local\Temp\tmp_0gxmvlp
INFO    : Removing temporary directory C:\Users\drmaf\AppData\Local\Temp\tmp1uqxqxz_
INFO    : Removing temporary directory C:\Users\drmaf\AppData\Local\Temp\tmpvev8j558
INFO    : Removing temporary directory C:\Users\drmaf\AppData\Local\Temp\tmpa007amcc
INFO    : Removing temporary directory C:\Users\drmaf\AppData\Local\Temp\tmp2ii5rp4s
INFO    : Removing temporary directory C:\Users\drmaf\AppData\Local\Temp\tmpzpaq_o94
INFO    : Removing temporary directory C:\Users\drmaf\AppData\Local\Temp\tmpmfxgabcd
INFO    : Removing temporary directory C:\Users\drmaf\AppData\Local\Temp\tmpcvao_f6f
INFO    : Removing temporary directory C:\Users\drmaf\AppData\Local\Temp\tmprlpygtfk
INFO    : Removing temporary directory C:\Users\drmaf\AppData\Local\Temp\tmp502vbc8n
INFO    : Removing temporary directory C:\Users\drmaf\AppData\Local\Temp\tmphg9fewx7
INFO    : Removing temporary directory C:\Users\drmaf\AppData\Local\Temp\tmpknjpwm6e
INFO    : Removing temporary directory C:\Users\drmaf\AppData\Local\Temp\tmp8qgxp784
INFO    : Removing temporary directory C:\Users\drmaf\AppData\Local\Temp\tmp277fh6lv
INFO    : Removing temporary directory C:\Users\drmaf\AppData\Local\Temp\tmp_cvbyjcs
INFO    : Removing temporary directory C:\Users\drmaf\AppData\Local\Temp\tmpetvn9p8q
INFO    : Removing temporary directory C:\Users\drmaf\AppData\Local\Temp\tmpkaqfcct9
INFO    : Preparing to build into D:\Documents\texts\calculus1\output\print.
INFO    : discovering source file's directory name: D:\Documents\texts\calculus1\source
INFO    : verifying and expanding input directory: D:\Documents\texts\calculus1\source\../generated-assets
INFO    : input directory expanded to absolute path: D:\Documents\texts\calculus1\generated-assets
INFO    : verifying and expanding input directory: D:\Documents\texts\calculus1\source\../assets
INFO    : input directory expanded to absolute path: D:\Documents\texts\calculus1\assets
INFO    : converting D:\Documents\texts\calculus1\source\calculus1.ptx to LaTeX as C:\Users\drmaf\AppData\Local\Temp\tmp_px2moxx\calculus1.tex
INFO    : XSL conversion of D:\Documents\texts\calculus1\source\calculus1.ptx by C:\Users\drmaf\.ptx\xsl\pretext-latex.xsl
INFO    : comprehensive messages, warnings, and errors:
INFO    : successful application of C:\Users\drmaf\.ptx\xsl\pretext-latex.xsl
INFO    : 
Success! Run `pretext view` to see the results.

