INFO    : PreTeXt project found in `D:\Documents\texts\calculus1`.
INFO    : Checking for update for required playwright chromium browser.
INFO    : using playwright package to create previews for interactives from D:\Documents\texts\calculus1\source\calculus1.ptx for placement in D:\Documents\texts\calculus1\generated-assets\preview
INFO    : XSL conversion of D:\Documents\texts\calculus1\source\calculus1.ptx by C:\Users\drmaf\.ptx\xsl\extract-interactive.xsl
INFO    : comprehensive messages, warnings, and errors:
INFO    : successful application of C:\Users\drmaf\.ptx\xsl\extract-interactive.xsl
INFO    : discovering source file's directory name: D:\Documents\texts\calculus1\source
INFO    : verifying and expanding input directory: D:\Documents\texts\calculus1\source\../generated-assets
INFO    : input directory expanded to absolute path: D:\Documents\texts\calculus1\generated-assets
INFO    : verifying and expanding input directory: D:\Documents\texts\calculus1\source\../assets
INFO    : input directory expanded to absolute path: D:\Documents\texts\calculus1\assets
INFO    : Opening subprocess http.server with port=8888
INFO    : automatic screenshot of interactive with identifier "interactive-1" on page http://localhost:8888\interactive-1.html to file interactive-1-preview.png
INFO    : Closing http.server subprocess
INFO    : using playwright package to create previews for interactives from D:\Documents\texts\calculus1\source\calculus1.ptx for placement in D:\Documents\texts\calculus1\generated-assets\preview
INFO    : XSL conversion of D:\Documents\texts\calculus1\source\calculus1.ptx by C:\Users\drmaf\.ptx\xsl\extract-interactive.xsl
INFO    : comprehensive messages, warnings, and errors:
INFO    : successful application of C:\Users\drmaf\.ptx\xsl\extract-interactive.xsl
INFO    : discovering source file's directory name: D:\Documents\texts\calculus1\source
INFO    : verifying and expanding input directory: D:\Documents\texts\calculus1\source\../generated-assets
INFO    : input directory expanded to absolute path: D:\Documents\texts\calculus1\generated-assets
INFO    : verifying and expanding input directory: D:\Documents\texts\calculus1\source\../assets
INFO    : input directory expanded to absolute path: D:\Documents\texts\calculus1\assets
INFO    : Opening subprocess http.server with port=8888
INFO    : Closing http.server subprocess
INFO    : using playwright package to create previews for interactives from D:\Documents\texts\calculus1\source\calculus1.ptx for placement in D:\Documents\texts\calculus1\generated-assets\preview
INFO    : XSL conversion of D:\Documents\texts\calculus1\source\calculus1.ptx by C:\Users\drmaf\.ptx\xsl\extract-interactive.xsl
INFO    : comprehensive messages, warnings, and errors:
INFO    : successful application of C:\Users\drmaf\.ptx\xsl\extract-interactive.xsl
INFO    : discovering source file's directory name: D:\Documents\texts\calculus1\source
INFO    : verifying and expanding input directory: D:\Documents\texts\calculus1\source\../generated-assets
INFO    : input directory expanded to absolute path: D:\Documents\texts\calculus1\generated-assets
INFO    : verifying and expanding input directory: D:\Documents\texts\calculus1\source\../assets
INFO    : input directory expanded to absolute path: D:\Documents\texts\calculus1\assets
INFO    : Opening subprocess http.server with port=8888
INFO    : Closing http.server subprocess
INFO    : using playwright package to create previews for interactives from D:\Documents\texts\calculus1\source\calculus1.ptx for placement in D:\Documents\texts\calculus1\generated-assets\preview
INFO    : XSL conversion of D:\Documents\texts\calculus1\source\calculus1.ptx by C:\Users\drmaf\.ptx\xsl\extract-interactive.xsl
INFO    : comprehensive messages, warnings, and errors:
INFO    : successful application of C:\Users\drmaf\.ptx\xsl\extract-interactive.xsl
INFO    : discovering source file's directory name: D:\Documents\texts\calculus1\source
INFO    : verifying and expanding input directory: D:\Documents\texts\calculus1\source\../generated-assets
INFO    : input directory expanded to absolute path: D:\Documents\texts\calculus1\generated-assets
INFO    : verifying and expanding input directory: D:\Documents\texts\calculus1\source\../assets
INFO    : input directory expanded to absolute path: D:\Documents\texts\calculus1\assets
INFO    : Opening subprocess http.server with port=8888
INFO    : Closing http.server subprocess
INFO    : using playwright package to create previews for interactives from D:\Documents\texts\calculus1\source\calculus1.ptx for placement in D:\Documents\texts\calculus1\generated-assets\preview
INFO    : XSL conversion of D:\Documents\texts\calculus1\source\calculus1.ptx by C:\Users\drmaf\.ptx\xsl\extract-interactive.xsl
INFO    : comprehensive messages, warnings, and errors:
INFO    : successful application of C:\Users\drmaf\.ptx\xsl\extract-interactive.xsl
INFO    : discovering source file's directory name: D:\Documents\texts\calculus1\source
INFO    : verifying and expanding input directory: D:\Documents\texts\calculus1\source\../generated-assets
INFO    : input directory expanded to absolute path: D:\Documents\texts\calculus1\generated-assets
INFO    : verifying and expanding input directory: D:\Documents\texts\calculus1\source\../assets
INFO    : input directory expanded to absolute path: D:\Documents\texts\calculus1\assets
INFO    : Opening subprocess http.server with port=8888
INFO    : Closing http.server subprocess
INFO    : using playwright package to create previews for interactives from D:\Documents\texts\calculus1\source\calculus1.ptx for placement in D:\Documents\texts\calculus1\generated-assets\preview
INFO    : XSL conversion of D:\Documents\texts\calculus1\source\calculus1.ptx by C:\Users\drmaf\.ptx\xsl\extract-interactive.xsl
INFO    : comprehensive messages, warnings, and errors:
INFO    : successful application of C:\Users\drmaf\.ptx\xsl\extract-interactive.xsl
INFO    : discovering source file's directory name: D:\Documents\texts\calculus1\source
INFO    : verifying and expanding input directory: D:\Documents\texts\calculus1\source\../generated-assets
INFO    : input directory expanded to absolute path: D:\Documents\texts\calculus1\generated-assets
INFO    : verifying and expanding input directory: D:\Documents\texts\calculus1\source\../assets
INFO    : input directory expanded to absolute path: D:\Documents\texts\calculus1\assets
INFO    : Opening subprocess http.server with port=8888
INFO    : Closing http.server subprocess
INFO    : using playwright package to create previews for interactives from D:\Documents\texts\calculus1\source\calculus1.ptx for placement in D:\Documents\texts\calculus1\generated-assets\preview
INFO    : XSL conversion of D:\Documents\texts\calculus1\source\calculus1.ptx by C:\Users\drmaf\.ptx\xsl\extract-interactive.xsl
INFO    : comprehensive messages, warnings, and errors:
INFO    : successful application of C:\Users\drmaf\.ptx\xsl\extract-interactive.xsl
INFO    : discovering source file's directory name: D:\Documents\texts\calculus1\source
INFO    : verifying and expanding input directory: D:\Documents\texts\calculus1\source\../generated-assets
INFO    : input directory expanded to absolute path: D:\Documents\texts\calculus1\generated-assets
INFO    : verifying and expanding input directory: D:\Documents\texts\calculus1\source\../assets
INFO    : input directory expanded to absolute path: D:\Documents\texts\calculus1\assets
INFO    : Opening subprocess http.server with port=8888
INFO    : Closing http.server subprocess
INFO    : using playwright package to create previews for interactives from D:\Documents\texts\calculus1\source\calculus1.ptx for placement in D:\Documents\texts\calculus1\generated-assets\preview
INFO    : XSL conversion of D:\Documents\texts\calculus1\source\calculus1.ptx by C:\Users\drmaf\.ptx\xsl\extract-interactive.xsl
INFO    : comprehensive messages, warnings, and errors:
INFO    : successful application of C:\Users\drmaf\.ptx\xsl\extract-interactive.xsl
INFO    : discovering source file's directory name: D:\Documents\texts\calculus1\source
INFO    : verifying and expanding input directory: D:\Documents\texts\calculus1\source\../generated-assets
INFO    : input directory expanded to absolute path: D:\Documents\texts\calculus1\generated-assets
INFO    : verifying and expanding input directory: D:\Documents\texts\calculus1\source\../assets
INFO    : input directory expanded to absolute path: D:\Documents\texts\calculus1\assets
INFO    : Opening subprocess http.server with port=8888
INFO    : Closing http.server subprocess
INFO    : using playwright package to create previews for interactives from D:\Documents\texts\calculus1\source\calculus1.ptx for placement in D:\Documents\texts\calculus1\generated-assets\preview
INFO    : XSL conversion of D:\Documents\texts\calculus1\source\calculus1.ptx by C:\Users\drmaf\.ptx\xsl\extract-interactive.xsl
INFO    : comprehensive messages, warnings, and errors:
INFO    : successful application of C:\Users\drmaf\.ptx\xsl\extract-interactive.xsl
INFO    : discovering source file's directory name: D:\Documents\texts\calculus1\source
INFO    : verifying and expanding input directory: D:\Documents\texts\calculus1\source\../generated-assets
INFO    : input directory expanded to absolute path: D:\Documents\texts\calculus1\generated-assets
INFO    : verifying and expanding input directory: D:\Documents\texts\calculus1\source\../assets
INFO    : input directory expanded to absolute path: D:\Documents\texts\calculus1\assets
INFO    : Opening subprocess http.server with port=8888
INFO    : Closing http.server subprocess
INFO    : using playwright package to create previews for interactives from D:\Documents\texts\calculus1\source\calculus1.ptx for placement in D:\Documents\texts\calculus1\generated-assets\preview
INFO    : XSL conversion of D:\Documents\texts\calculus1\source\calculus1.ptx by C:\Users\drmaf\.ptx\xsl\extract-interactive.xsl
INFO    : comprehensive messages, warnings, and errors:
INFO    : successful application of C:\Users\drmaf\.ptx\xsl\extract-interactive.xsl
INFO    : discovering source file's directory name: D:\Documents\texts\calculus1\source
INFO    : verifying and expanding input directory: D:\Documents\texts\calculus1\source\../generated-assets
INFO    : input directory expanded to absolute path: D:\Documents\texts\calculus1\generated-assets
INFO    : verifying and expanding input directory: D:\Documents\texts\calculus1\source\../assets
INFO    : input directory expanded to absolute path: D:\Documents\texts\calculus1\assets
INFO    : Opening subprocess http.server with port=8888
INFO    : Closing http.server subprocess
INFO    : using playwright package to create previews for interactives from D:\Documents\texts\calculus1\source\calculus1.ptx for placement in D:\Documents\texts\calculus1\generated-assets\preview
INFO    : XSL conversion of D:\Documents\texts\calculus1\source\calculus1.ptx by C:\Users\drmaf\.ptx\xsl\extract-interactive.xsl
INFO    : comprehensive messages, warnings, and errors:
INFO    : successful application of C:\Users\drmaf\.ptx\xsl\extract-interactive.xsl
INFO    : discovering source file's directory name: D:\Documents\texts\calculus1\source
INFO    : verifying and expanding input directory: D:\Documents\texts\calculus1\source\../generated-assets
INFO    : input directory expanded to absolute path: D:\Documents\texts\calculus1\generated-assets
INFO    : verifying and expanding input directory: D:\Documents\texts\calculus1\source\../assets
INFO    : input directory expanded to absolute path: D:\Documents\texts\calculus1\assets
INFO    : Opening subprocess http.server with port=8888
INFO    : Closing http.server subprocess
INFO    : using playwright package to create previews for interactives from D:\Documents\texts\calculus1\source\calculus1.ptx for placement in D:\Documents\texts\calculus1\generated-assets\preview
INFO    : XSL conversion of D:\Documents\texts\calculus1\source\calculus1.ptx by C:\Users\drmaf\.ptx\xsl\extract-interactive.xsl
INFO    : comprehensive messages, warnings, and errors:
INFO    : successful application of C:\Users\drmaf\.ptx\xsl\extract-interactive.xsl
INFO    : discovering source file's directory name: D:\Documents\texts\calculus1\source
INFO    : verifying and expanding input directory: D:\Documents\texts\calculus1\source\../generated-assets
INFO    : input directory expanded to absolute path: D:\Documents\texts\calculus1\generated-assets
INFO    : verifying and expanding input directory: D:\Documents\texts\calculus1\source\../assets
INFO    : input directory expanded to absolute path: D:\Documents\texts\calculus1\assets
INFO    : Opening subprocess http.server with port=8888
INFO    : Closing http.server subprocess
INFO    : using playwright package to create previews for interactives from D:\Documents\texts\calculus1\source\calculus1.ptx for placement in D:\Documents\texts\calculus1\generated-assets\preview
INFO    : XSL conversion of D:\Documents\texts\calculus1\source\calculus1.ptx by C:\Users\drmaf\.ptx\xsl\extract-interactive.xsl
INFO    : comprehensive messages, warnings, and errors:
INFO    : successful application of C:\Users\drmaf\.ptx\xsl\extract-interactive.xsl
INFO    : discovering source file's directory name: D:\Documents\texts\calculus1\source
INFO    : verifying and expanding input directory: D:\Documents\texts\calculus1\source\../generated-assets
INFO    : input directory expanded to absolute path: D:\Documents\texts\calculus1\generated-assets
INFO    : verifying and expanding input directory: D:\Documents\texts\calculus1\source\../assets
INFO    : input directory expanded to absolute path: D:\Documents\texts\calculus1\assets
INFO    : Opening subprocess http.server with port=8888
INFO    : Closing http.server subprocess
INFO    : using playwright package to create previews for interactives from D:\Documents\texts\calculus1\source\calculus1.ptx for placement in D:\Documents\texts\calculus1\generated-assets\preview
INFO    : XSL conversion of D:\Documents\texts\calculus1\source\calculus1.ptx by C:\Users\drmaf\.ptx\xsl\extract-interactive.xsl
INFO    : comprehensive messages, warnings, and errors:
INFO    : successful application of C:\Users\drmaf\.ptx\xsl\extract-interactive.xsl
INFO    : discovering source file's directory name: D:\Documents\texts\calculus1\source
INFO    : verifying and expanding input directory: D:\Documents\texts\calculus1\source\../generated-assets
INFO    : input directory expanded to absolute path: D:\Documents\texts\calculus1\generated-assets
INFO    : verifying and expanding input directory: D:\Documents\texts\calculus1\source\../assets
INFO    : input directory expanded to absolute path: D:\Documents\texts\calculus1\assets
INFO    : Opening subprocess http.server with port=8888
INFO    : Closing http.server subprocess
INFO    : using playwright package to create previews for interactives from D:\Documents\texts\calculus1\source\calculus1.ptx for placement in D:\Documents\texts\calculus1\generated-assets\preview
INFO    : XSL conversion of D:\Documents\texts\calculus1\source\calculus1.ptx by C:\Users\drmaf\.ptx\xsl\extract-interactive.xsl
INFO    : comprehensive messages, warnings, and errors:
INFO    : successful application of C:\Users\drmaf\.ptx\xsl\extract-interactive.xsl
INFO    : discovering source file's directory name: D:\Documents\texts\calculus1\source
INFO    : verifying and expanding input directory: D:\Documents\texts\calculus1\source\../generated-assets
INFO    : input directory expanded to absolute path: D:\Documents\texts\calculus1\generated-assets
INFO    : verifying and expanding input directory: D:\Documents\texts\calculus1\source\../assets
INFO    : input directory expanded to absolute path: D:\Documents\texts\calculus1\assets
INFO    : Opening subprocess http.server with port=8888
INFO    : Closing http.server subprocess
INFO    : using playwright package to create previews for interactives from D:\Documents\texts\calculus1\source\calculus1.ptx for placement in D:\Documents\texts\calculus1\generated-assets\preview
INFO    : XSL conversion of D:\Documents\texts\calculus1\source\calculus1.ptx by C:\Users\drmaf\.ptx\xsl\extract-interactive.xsl
INFO    : comprehensive messages, warnings, and errors:
INFO    : successful application of C:\Users\drmaf\.ptx\xsl\extract-interactive.xsl
INFO    : discovering source file's directory name: D:\Documents\texts\calculus1\source
INFO    : verifying and expanding input directory: D:\Documents\texts\calculus1\source\../generated-assets
INFO    : input directory expanded to absolute path: D:\Documents\texts\calculus1\generated-assets
INFO    : verifying and expanding input directory: D:\Documents\texts\calculus1\source\../assets
INFO    : input directory expanded to absolute path: D:\Documents\texts\calculus1\assets
INFO    : Opening subprocess http.server with port=8888
INFO    : Closing http.server subprocess
INFO    : using playwright package to create previews for interactives from D:\Documents\texts\calculus1\source\calculus1.ptx for placement in D:\Documents\texts\calculus1\generated-assets\preview
INFO    : XSL conversion of D:\Documents\texts\calculus1\source\calculus1.ptx by C:\Users\drmaf\.ptx\xsl\extract-interactive.xsl
INFO    : comprehensive messages, warnings, and errors:
INFO    : successful application of C:\Users\drmaf\.ptx\xsl\extract-interactive.xsl
INFO    : discovering source file's directory name: D:\Documents\texts\calculus1\source
INFO    : verifying and expanding input directory: D:\Documents\texts\calculus1\source\../generated-assets
INFO    : input directory expanded to absolute path: D:\Documents\texts\calculus1\generated-assets
INFO    : verifying and expanding input directory: D:\Documents\texts\calculus1\source\../assets
INFO    : input directory expanded to absolute path: D:\Documents\texts\calculus1\assets
INFO    : Opening subprocess http.server with port=8888
INFO    : Closing http.server subprocess
INFO    : manufacturing QR codes from D:\Documents\texts\calculus1\source\calculus1.ptx for placement in D:\Documents\texts\calculus1\generated-assets\qrcode
INFO    : XSL conversion of D:\Documents\texts\calculus1\source\calculus1.ptx by C:\Users\drmaf\.ptx\xsl\extract-qrcode.xsl
INFO    : comprehensive messages, warnings, and errors:
INFO    : successful application of C:\Users\drmaf\.ptx\xsl\extract-qrcode.xsl
INFO    : creating URL with content "http://www.math.uaa.alaska.edu/\~afmaf/classes/math251/materials/interactive-16.html" as D:\Documents\texts\calculus1\generated-assets\qrcode\interactive-16.png...
INFO    : QR code creation complete
INFO    : manufacturing QR codes from D:\Documents\texts\calculus1\source\calculus1.ptx for placement in D:\Documents\texts\calculus1\generated-assets\qrcode
INFO    : XSL conversion of D:\Documents\texts\calculus1\source\calculus1.ptx by C:\Users\drmaf\.ptx\xsl\extract-qrcode.xsl
INFO    : comprehensive messages, warnings, and errors:
INFO    : successful application of C:\Users\drmaf\.ptx\xsl\extract-qrcode.xsl
INFO    : creating URL with content "http://www.math.uaa.alaska.edu/\~afmaf/classes/math251/materials/interactive-4.html" as D:\Documents\texts\calculus1\generated-assets\qrcode\interactive-4.png...
INFO    : QR code creation complete
INFO    : manufacturing QR codes from D:\Documents\texts\calculus1\source\calculus1.ptx for placement in D:\Documents\texts\calculus1\generated-assets\qrcode
INFO    : XSL conversion of D:\Documents\texts\calculus1\source\calculus1.ptx by C:\Users\drmaf\.ptx\xsl\extract-qrcode.xsl
INFO    : comprehensive messages, warnings, and errors:
INFO    : successful application of C:\Users\drmaf\.ptx\xsl\extract-qrcode.xsl
INFO    : creating URL with content "http://www.math.uaa.alaska.edu/\~afmaf/classes/math251/materials/interactive-8.html" as D:\Documents\texts\calculus1\generated-assets\qrcode\interactive-8.png...
INFO    : QR code creation complete
INFO    : manufacturing QR codes from D:\Documents\texts\calculus1\source\calculus1.ptx for placement in D:\Documents\texts\calculus1\generated-assets\qrcode
INFO    : XSL conversion of D:\Documents\texts\calculus1\source\calculus1.ptx by C:\Users\drmaf\.ptx\xsl\extract-qrcode.xsl
INFO    : comprehensive messages, warnings, and errors:
INFO    : successful application of C:\Users\drmaf\.ptx\xsl\extract-qrcode.xsl
INFO    : creating URL with content "http://www.math.uaa.alaska.edu/\~afmaf/classes/math251/materials/interactive-10.html" as D:\Documents\texts\calculus1\generated-assets\qrcode\interactive-10.png...
INFO    : QR code creation complete
INFO    : manufacturing QR codes from D:\Documents\texts\calculus1\source\calculus1.ptx for placement in D:\Documents\texts\calculus1\generated-assets\qrcode
INFO    : XSL conversion of D:\Documents\texts\calculus1\source\calculus1.ptx by C:\Users\drmaf\.ptx\xsl\extract-qrcode.xsl
INFO    : comprehensive messages, warnings, and errors:
INFO    : successful application of C:\Users\drmaf\.ptx\xsl\extract-qrcode.xsl
INFO    : creating URL with content "http://www.math.uaa.alaska.edu/\~afmaf/classes/math251/materials/interactive-17.html" as D:\Documents\texts\calculus1\generated-assets\qrcode\interactive-17.png...
INFO    : QR code creation complete
INFO    : manufacturing QR codes from D:\Documents\texts\calculus1\source\calculus1.ptx for placement in D:\Documents\texts\calculus1\generated-assets\qrcode
INFO    : XSL conversion of D:\Documents\texts\calculus1\source\calculus1.ptx by C:\Users\drmaf\.ptx\xsl\extract-qrcode.xsl
INFO    : comprehensive messages, warnings, and errors:
INFO    : successful application of C:\Users\drmaf\.ptx\xsl\extract-qrcode.xsl
INFO    : creating URL with content "http://www.math.uaa.alaska.edu/\~afmaf/classes/math251/materials/interactive-11.html" as D:\Documents\texts\calculus1\generated-assets\qrcode\interactive-11.png...
INFO    : QR code creation complete
INFO    : manufacturing QR codes from D:\Documents\texts\calculus1\source\calculus1.ptx for placement in D:\Documents\texts\calculus1\generated-assets\qrcode
INFO    : XSL conversion of D:\Documents\texts\calculus1\source\calculus1.ptx by C:\Users\drmaf\.ptx\xsl\extract-qrcode.xsl
INFO    : comprehensive messages, warnings, and errors:
INFO    : successful application of C:\Users\drmaf\.ptx\xsl\extract-qrcode.xsl
INFO    : creating URL with content "http://www.math.uaa.alaska.edu/\~afmaf/classes/math251/materials/interactive-7.html" as D:\Documents\texts\calculus1\generated-assets\qrcode\interactive-7.png...
INFO    : QR code creation complete
INFO    : manufacturing QR codes from D:\Documents\texts\calculus1\source\calculus1.ptx for placement in D:\Documents\texts\calculus1\generated-assets\qrcode
INFO    : XSL conversion of D:\Documents\texts\calculus1\source\calculus1.ptx by C:\Users\drmaf\.ptx\xsl\extract-qrcode.xsl
INFO    : comprehensive messages, warnings, and errors:
INFO    : successful application of C:\Users\drmaf\.ptx\xsl\extract-qrcode.xsl
INFO    : creating URL with content "http://www.math.uaa.alaska.edu/\~afmaf/classes/math251/materials/interactive-1.html" as D:\Documents\texts\calculus1\generated-assets\qrcode\interactive-1.png...
INFO    : QR code creation complete
INFO    : manufacturing QR codes from D:\Documents\texts\calculus1\source\calculus1.ptx for placement in D:\Documents\texts\calculus1\generated-assets\qrcode
INFO    : XSL conversion of D:\Documents\texts\calculus1\source\calculus1.ptx by C:\Users\drmaf\.ptx\xsl\extract-qrcode.xsl
INFO    : comprehensive messages, warnings, and errors:
INFO    : successful application of C:\Users\drmaf\.ptx\xsl\extract-qrcode.xsl
INFO    : creating URL with content "http://www.math.uaa.alaska.edu/\~afmaf/classes/math251/materials/interactive-6.html" as D:\Documents\texts\calculus1\generated-assets\qrcode\interactive-6.png...
INFO    : QR code creation complete
INFO    : manufacturing QR codes from D:\Documents\texts\calculus1\source\calculus1.ptx for placement in D:\Documents\texts\calculus1\generated-assets\qrcode
INFO    : XSL conversion of D:\Documents\texts\calculus1\source\calculus1.ptx by C:\Users\drmaf\.ptx\xsl\extract-qrcode.xsl
INFO    : comprehensive messages, warnings, and errors:
INFO    : successful application of C:\Users\drmaf\.ptx\xsl\extract-qrcode.xsl
INFO    : creating URL with content "http://www.math.uaa.alaska.edu/\~afmaf/classes/math251/materials/interactive-15.html" as D:\Documents\texts\calculus1\generated-assets\qrcode\interactive-15.png...
INFO    : QR code creation complete
INFO    : manufacturing QR codes from D:\Documents\texts\calculus1\source\calculus1.ptx for placement in D:\Documents\texts\calculus1\generated-assets\qrcode
INFO    : XSL conversion of D:\Documents\texts\calculus1\source\calculus1.ptx by C:\Users\drmaf\.ptx\xsl\extract-qrcode.xsl
INFO    : comprehensive messages, warnings, and errors:
INFO    : successful application of C:\Users\drmaf\.ptx\xsl\extract-qrcode.xsl
INFO    : creating URL with content "http://www.math.uaa.alaska.edu/\~afmaf/classes/math251/materials/interactive-3.html" as D:\Documents\texts\calculus1\generated-assets\qrcode\interactive-3.png...
INFO    : QR code creation complete
INFO    : manufacturing QR codes from D:\Documents\texts\calculus1\source\calculus1.ptx for placement in D:\Documents\texts\calculus1\generated-assets\qrcode
INFO    : XSL conversion of D:\Documents\texts\calculus1\source\calculus1.ptx by C:\Users\drmaf\.ptx\xsl\extract-qrcode.xsl
INFO    : comprehensive messages, warnings, and errors:
INFO    : successful application of C:\Users\drmaf\.ptx\xsl\extract-qrcode.xsl
INFO    : creating URL with content "http://www.math.uaa.alaska.edu/\~afmaf/classes/math251/materials/interactive-9.html" as D:\Documents\texts\calculus1\generated-assets\qrcode\interactive-9.png...
INFO    : QR code creation complete
INFO    : manufacturing QR codes from D:\Documents\texts\calculus1\source\calculus1.ptx for placement in D:\Documents\texts\calculus1\generated-assets\qrcode
INFO    : XSL conversion of D:\Documents\texts\calculus1\source\calculus1.ptx by C:\Users\drmaf\.ptx\xsl\extract-qrcode.xsl
INFO    : comprehensive messages, warnings, and errors:
INFO    : successful application of C:\Users\drmaf\.ptx\xsl\extract-qrcode.xsl
INFO    : creating URL with content "http://www.math.uaa.alaska.edu/\~afmaf/classes/math251/materials/interactive-12.html" as D:\Documents\texts\calculus1\generated-assets\qrcode\interactive-12.png...
INFO    : QR code creation complete
INFO    : manufacturing QR codes from D:\Documents\texts\calculus1\source\calculus1.ptx for placement in D:\Documents\texts\calculus1\generated-assets\qrcode
INFO    : XSL conversion of D:\Documents\texts\calculus1\source\calculus1.ptx by C:\Users\drmaf\.ptx\xsl\extract-qrcode.xsl
INFO    : comprehensive messages, warnings, and errors:
INFO    : successful application of C:\Users\drmaf\.ptx\xsl\extract-qrcode.xsl
INFO    : creating URL with content "http://www.math.uaa.alaska.edu/\~afmaf/classes/math251/materials/interactive-14.html" as D:\Documents\texts\calculus1\generated-assets\qrcode\interactive-14.png...
INFO    : QR code creation complete
INFO    : manufacturing QR codes from D:\Documents\texts\calculus1\source\calculus1.ptx for placement in D:\Documents\texts\calculus1\generated-assets\qrcode
INFO    : XSL conversion of D:\Documents\texts\calculus1\source\calculus1.ptx by C:\Users\drmaf\.ptx\xsl\extract-qrcode.xsl
INFO    : comprehensive messages, warnings, and errors:
INFO    : successful application of C:\Users\drmaf\.ptx\xsl\extract-qrcode.xsl
INFO    : creating URL with content "http://www.math.uaa.alaska.edu/\~afmaf/classes/math251/materials/interactive-2.html" as D:\Documents\texts\calculus1\generated-assets\qrcode\interactive-2.png...
INFO    : QR code creation complete
INFO    : manufacturing QR codes from D:\Documents\texts\calculus1\source\calculus1.ptx for placement in D:\Documents\texts\calculus1\generated-assets\qrcode
INFO    : XSL conversion of D:\Documents\texts\calculus1\source\calculus1.ptx by C:\Users\drmaf\.ptx\xsl\extract-qrcode.xsl
INFO    : comprehensive messages, warnings, and errors:
INFO    : successful application of C:\Users\drmaf\.ptx\xsl\extract-qrcode.xsl
INFO    : creating URL with content "http://www.math.uaa.alaska.edu/\~afmaf/classes/math251/materials/interactive-13.html" as D:\Documents\texts\calculus1\generated-assets\qrcode\interactive-13.png...
INFO    : QR code creation complete
INFO    : manufacturing QR codes from D:\Documents\texts\calculus1\source\calculus1.ptx for placement in D:\Documents\texts\calculus1\generated-assets\qrcode
INFO    : XSL conversion of D:\Documents\texts\calculus1\source\calculus1.ptx by C:\Users\drmaf\.ptx\xsl\extract-qrcode.xsl
INFO    : comprehensive messages, warnings, and errors:
INFO    : successful application of C:\Users\drmaf\.ptx\xsl\extract-qrcode.xsl
INFO    : creating URL with content "http://www.math.uaa.alaska.edu/\~afmaf/classes/math251/materials/interactive-5.html" as D:\Documents\texts\calculus1\generated-assets\qrcode\interactive-5.png...
INFO    : QR code creation complete
INFO    : Removing temporary directory C:\Users\drmaf\AppData\Local\Temp\tmpbrheec01
INFO    : Removing temporary directory C:\Users\drmaf\AppData\Local\Temp\tmp8uy560_d
INFO    : Removing temporary directory C:\Users\drmaf\AppData\Local\Temp\tmpopx0ee5v
INFO    : Removing temporary directory C:\Users\drmaf\AppData\Local\Temp\tmp6lmwly5a
INFO    : Removing temporary directory C:\Users\drmaf\AppData\Local\Temp\tmperl3jfj3
INFO    : Removing temporary directory C:\Users\drmaf\AppData\Local\Temp\tmp40t174i8
INFO    : Removing temporary directory C:\Users\drmaf\AppData\Local\Temp\tmpar89nlgx
INFO    : Removing temporary directory C:\Users\drmaf\AppData\Local\Temp\tmp0c_ktlxn
INFO    : Removing temporary directory C:\Users\drmaf\AppData\Local\Temp\tmp_1m_q_jm
INFO    : Removing temporary directory C:\Users\drmaf\AppData\Local\Temp\tmpgoxggavy
INFO    : Removing temporary directory C:\Users\drmaf\AppData\Local\Temp\tmpsvy5izze
INFO    : Removing temporary directory C:\Users\drmaf\AppData\Local\Temp\tmpwfaioey7
INFO    : Removing temporary directory C:\Users\drmaf\AppData\Local\Temp\tmpcx9t6pu9
INFO    : Removing temporary directory C:\Users\drmaf\AppData\Local\Temp\tmp6th446x1
INFO    : Removing temporary directory C:\Users\drmaf\AppData\Local\Temp\tmpsfj82_kw
INFO    : Removing temporary directory C:\Users\drmaf\AppData\Local\Temp\tmp__5mxvxo
INFO    : Removing temporary directory C:\Users\drmaf\AppData\Local\Temp\tmpn0p9mn1g
INFO    : Removing temporary directory C:\Users\drmaf\AppData\Local\Temp\tmpcql1melo
INFO    : Removing temporary directory C:\Users\drmaf\AppData\Local\Temp\tmpesy5schg
INFO    : Removing temporary directory C:\Users\drmaf\AppData\Local\Temp\tmp_1vzzyec
INFO    : Removing temporary directory C:\Users\drmaf\AppData\Local\Temp\tmpfmwxfzqr
INFO    : Removing temporary directory C:\Users\drmaf\AppData\Local\Temp\tmplljokt1u
INFO    : Removing temporary directory C:\Users\drmaf\AppData\Local\Temp\tmpmqo8bngz
INFO    : Removing temporary directory C:\Users\drmaf\AppData\Local\Temp\tmppfhn1lcu
INFO    : Removing temporary directory C:\Users\drmaf\AppData\Local\Temp\tmp6q51rbip
INFO    : Removing temporary directory C:\Users\drmaf\AppData\Local\Temp\tmp45pr1_t3
INFO    : Removing temporary directory C:\Users\drmaf\AppData\Local\Temp\tmpkdjcd0wt
INFO    : Removing temporary directory C:\Users\drmaf\AppData\Local\Temp\tmp97kf4555
INFO    : Removing temporary directory C:\Users\drmaf\AppData\Local\Temp\tmpsbc8133t
INFO    : Removing temporary directory C:\Users\drmaf\AppData\Local\Temp\tmpyg25n33g
INFO    : Removing temporary directory C:\Users\drmaf\AppData\Local\Temp\tmpq0h0_md1
INFO    : Removing temporary directory C:\Users\drmaf\AppData\Local\Temp\tmp3twh1fan
INFO    : Removing temporary directory C:\Users\drmaf\AppData\Local\Temp\tmprhcx60zk
INFO    : Removing temporary directory C:\Users\drmaf\AppData\Local\Temp\tmpl6xch370
INFO    : Preparing to build into D:\Documents\texts\calculus1\output\print.
INFO    : discovering source file's directory name: D:\Documents\texts\calculus1\source
INFO    : verifying and expanding input directory: D:\Documents\texts\calculus1\source\../generated-assets
INFO    : input directory expanded to absolute path: D:\Documents\texts\calculus1\generated-assets
INFO    : verifying and expanding input directory: D:\Documents\texts\calculus1\source\../assets
INFO    : input directory expanded to absolute path: D:\Documents\texts\calculus1\assets
INFO    : converting D:\Documents\texts\calculus1\source\calculus1.ptx to LaTeX as C:\Users\drmaf\AppData\Local\Temp\tmp_isll151\calculus1.tex
INFO    : XSL conversion of D:\Documents\texts\calculus1\source\calculus1.ptx by C:\Users\drmaf\.ptx\xsl\pretext-latex.xsl
INFO    : comprehensive messages, warnings, and errors:
INFO    : successful application of C:\Users\drmaf\.ptx\xsl\pretext-latex.xsl
INFO    : 
Success! Run `pretext view` to see the results.

